version https://git-lfs.github.com/spec/v1
oid sha256:c380fbbc3742bece9c8faeb69499360f4fd9d5111c24edfad09ea23111abe474
size 68424080
