version https://git-lfs.github.com/spec/v1
oid sha256:78de8a3bde186726193048586dc0cc97767e41250e3d55f6f3325254befa107f
size 5221424
